[13:11:16] [main/INFO]: Loading Minecraft 1.18.2 with Fabric Loader 0.19.3
[13:11:16] [main/INFO]: Mappings not present!
[13:11:16] [main/INFO]: Loading 4 mods:
	- fabricloader 0.19.3
	   \-- mixinextras 0.5.4
	- java 17
	- minecraft 1.18.2
[13:11:16] [main/INFO]: SpongePowered MIXIN Subsystem Version=0.8.7 Source=file:/C:/Users/User/AppData/Roaming/GyrosClient/resources/libraries/net/fabricmc/sponge-mixin/0.17.3+mixin.0.8.7/sponge-mixin-0.17.3+mixin.0.8.7.jar Service=Knot/Fabric Env=CLIENT
[13:11:20] [Render thread/INFO]: [STDERR]: [LWJGL] Failed to load a library. Possible solutions:
	a) Add the directory that contains the shared library to -Djava.library.path or -Dorg.lwjgl.librarypath.
	b) Add the JAR that contains the shared library to the classpath.
[13:11:20] [Render thread/INFO]: [STDERR]: [LWJGL] Enable debug mode with -Dorg.lwjgl.util.Debug=true for better diagnostics.
[13:11:20] [Render thread/INFO]: [STDERR]: [LWJGL] Enable the SharedLibraryLoader debug mode with -Dorg.lwjgl.util.DebugLoader=true for better diagnostics.
[13:11:20] [Render thread/ERROR]: Minecraft has crashed!
net.fabricmc.loader.impl.FormattedException: java.lang.NoClassDefFoundError: Could not initialize class com.mojang.blaze3d.systems.RenderSystem
	at net.fabricmc.loader.impl.FormattedException.ofLocalized(FormattedException.java:63) ~[fabric-loader-0.19.3.jar:?]
	at net.fabricmc.loader.impl.game.minecraft.MinecraftGameProvider.launch(MinecraftGameProvider.java:516) ~[fabric-loader-0.19.3.jar:?]
	at net.fabricmc.loader.impl.launch.knot.Knot.launch(Knot.java:72) [fabric-loader-0.19.3.jar:?]
	at net.fabricmc.loader.impl.launch.knot.KnotClient.main(KnotClient.java:23) [fabric-loader-0.19.3.jar:?]
Caused by: java.lang.NoClassDefFoundError: Could not initialize class com.mojang.blaze3d.systems.RenderSystem
	at ac.a(SourceFile:65) ~[1.18.2.jar:?]
	at dyr.a(SourceFile:2394) ~[1.18.2.jar:?]
	at dyr.a(SourceFile:2389) ~[1.18.2.jar:?]
	at net.minecraft.client.main.Main.main(SourceFile:206) ~[1.18.2.jar:?]
	at net.fabricmc.loader.impl.game.minecraft.MinecraftGameProvider.launch(MinecraftGameProvider.java:514) ~[fabric-loader-0.19.3.jar:?]
	... 2 more
Caused by: java.lang.ExceptionInInitializerError: Exception java.lang.UnsatisfiedLinkError: Failed to locate library: lwjgl.dll [in thread "Render thread"]
	at org.lwjgl.system.Library.loadSystem(Library.java:147) ~[lwjgl-3.2.1.jar:build 12]
	at org.lwjgl.system.Library.loadSystem(Library.java:67) ~[lwjgl-3.2.1.jar:build 12]
	at org.lwjgl.system.Library.<clinit>(Library.java:50) ~[lwjgl-3.2.1.jar:build 12]
	at org.lwjgl.system.MemoryUtil.<clinit>(MemoryUtil.java:97) ~[lwjgl-3.2.1.jar:build 12]
	at dsk.<clinit>(SourceFile:8) ~[1.18.2.jar:?]
	at dth.<init>(SourceFile:56) ~[1.18.2.jar:?]
	at dto.<init>(SourceFile:19) ~[1.18.2.jar:?]
	at dto.<init>(SourceFile:23) ~[1.18.2.jar:?]
	at dto.<clinit>(SourceFile:11) ~[1.18.2.jar:?]
	at com.mojang.blaze3d.systems.RenderSystem.<clinit>(SourceFile:46) ~[1.18.2.jar:?]
	at net.minecraft.client.main.Main.main(SourceFile:194) ~[1.18.2.jar:?]
	at net.fabricmc.loader.impl.game.minecraft.MinecraftGameProvider.launch(MinecraftGameProvider.java:514) ~[fabric-loader-0.19.3.jar:?]
	... 2 more
