[21:04:07] [main/WARN]: Class path entries reference missing files: C:\Users\User\Documents\GitHub\Minecraft-Client\Client\resources\libraries\ca/weblite/java-objc-bridge/1.1/java-objc-bridge-1.1.jar, C:\Users\User\Documents\GitHub\Minecraft-Client\Client\resources\libraries\com/mojang/jtracy/1.0.37/jtracy-1.0.37-natives-linux.jar, C:\Users\User\Documents\GitHub\Minecraft-Client\Client\resources\libraries\com/mojang/jtracy/1.0.37/jtracy-1.0.37-natives-macos.jar, C:\Users\User\Documents\GitHub\Minecraft-Client\Client\resources\libraries\com/mojang/jtracy/1.0.37/jtracy-1.0.37-natives-macos-arm64.jar, C:\Users\User\Documents\GitHub\Minecraft-Client\Client\resources\libraries\io/netty/netty-transport-native-epoll/4.2.7.Final/netty-transport-native-epoll-4.2.7.Final-linux-aarch_64.jar, C:\Users\User\Documents\GitHub\Minecraft-Client\Client\resources\libraries\io/netty/netty-transport-native-epoll/4.2.7.Final/netty-transport-native-epoll-4.2.7.Final-linux-x86_64.jar, C:\Users\User\Documents\GitHub\Minecraft-Client\Client\resources\libraries\io/netty/netty-transport-native-kqueue/4.2.7.Final/netty-transport-native-kqueue-4.2.7.Final-osx-aarch_64.jar, C:\Users\User\Documents\GitHub\Minecraft-Client\Client\resources\libraries\io/netty/netty-transport-native-kqueue/4.2.7.Final/netty-transport-native-kqueue-4.2.7.Final-osx-x86_64.jar, C:\Users\User\Documents\GitHub\Minecraft-Client\Client\resources\libraries\org/lwjgl/lwjgl-freetype/3.4.1/lwjgl-freetype-3.4.1-natives-linux.jar, C:\Users\User\Documents\GitHub\Minecraft-Client\Client\resources\libraries\org/lwjgl/lwjgl-freetype/3.4.1/lwjgl-freetype-3.4.1-natives-macos.jar, C:\Users\User\Documents\GitHub\Minecraft-Client\Client\resources\libraries\org/lwjgl/lwjgl-freetype/3.4.1/lwjgl-freetype-3.4.1-natives-macos-arm64.jar, C:\Users\User\Documents\GitHub\Minecraft-Client\Client\resources\libraries\org/lwjgl/lwjgl-glfw/3.4.1/lwjgl-glfw-3.4.1-natives-linux.jar, C:\Users\User\Documents\GitHub\Minecraft-Client\Client\resources\libraries\org/lwjgl/lwjgl-glfw/3.4.1/lwjgl-glfw-3.4.1-natives-macos.jar, C:\Users\User\Documents\GitHub\Minecraft-Client\Client\resources\libraries\org/lwjgl/lwjgl-glfw/3.4.1/lwjgl-glfw-3.4.1-natives-macos-arm64.jar, C:\Users\User\Documents\GitHub\Minecraft-Client\Client\resources\libraries\org/lwjgl/lwjgl-jemalloc/3.4.1/lwjgl-jemalloc-3.4.1-natives-linux.jar, C:\Users\User\Documents\GitHub\Minecraft-Client\Client\resources\libraries\org/lwjgl/lwjgl-jemalloc/3.4.1/lwjgl-jemalloc-3.4.1-natives-macos.jar, C:\Users\User\Documents\GitHub\Minecraft-Client\Client\resources\libraries\org/lwjgl/lwjgl-jemalloc/3.4.1/lwjgl-jemalloc-3.4.1-natives-macos-arm64.jar, C:\Users\User\Documents\GitHub\Minecraft-Client\Client\resources\libraries\org/lwjgl/lwjgl-openal/3.4.1/lwjgl-openal-3.4.1-natives-linux.jar, C:\Users\User\Documents\GitHub\Minecraft-Client\Client\resources\libraries\org/lwjgl/lwjgl-openal/3.4.1/lwjgl-openal-3.4.1-natives-macos.jar, C:\Users\User\Documents\GitHub\Minecraft-Client\Client\resources\libraries\org/lwjgl/lwjgl-openal/3.4.1/lwjgl-openal-3.4.1-natives-macos-arm64.jar, C:\Users\User\Documents\GitHub\Minecraft-Client\Client\resources\libraries\org/lwjgl/lwjgl-opengl/3.4.1/lwjgl-opengl-3.4.1-natives-linux.jar, C:\Users\User\Documents\GitHub\Minecraft-Client\Client\resources\libraries\org/lwjgl/lwjgl-opengl/3.4.1/lwjgl-opengl-3.4.1-natives-macos.jar, C:\Users\User\Documents\GitHub\Minecraft-Client\Client\resources\libraries\org/lwjgl/lwjgl-opengl/3.4.1/lwjgl-opengl-3.4.1-natives-macos-arm64.jar, C:\Users\User\Documents\GitHub\Minecraft-Client\Client\resources\libraries\org/lwjgl/lwjgl-stb/3.4.1/lwjgl-stb-3.4.1-natives-linux.jar, C:\Users\User\Documents\GitHub\Minecraft-Client\Client\resources\libraries\org/lwjgl/lwjgl-stb/3.4.1/lwjgl-stb-3.4.1-natives-macos.jar, C:\Users\User\Documents\GitHub\Minecraft-Client\Client\resources\libraries\org/lwjgl/lwjgl-stb/3.4.1/lwjgl-stb-3.4.1-natives-macos-arm64.jar, C:\Users\User\Documents\GitHub\Minecraft-Client\Client\resources\libraries\org/lwjgl/lwjgl-tinyfd/3.4.1/lwjgl-tinyfd-3.4.1-natives-linux.jar, C:\Users\User\Documents\GitHub\Minecraft-Client\Client\resources\libraries\org/lwjgl/lwjgl-tinyfd/3.4.1/lwjgl-tinyfd-3.4.1-natives-macos.jar, C:\Users\User\Documents\GitHub\Minecraft-Client\Client\resources\libraries\org/lwjgl/lwjgl-tinyfd/3.4.1/lwjgl-tinyfd-3.4.1-natives-macos-arm64.jar, C:\Users\User\Documents\GitHub\Minecraft-Client\Client\resources\libraries\org/lwjgl/lwjgl/3.4.1/lwjgl-3.4.1-natives-linux.jar, C:\Users\User\Documents\GitHub\Minecraft-Client\Client\resources\libraries\org/lwjgl/lwjgl/3.4.1/lwjgl-3.4.1-natives-macos.jar, C:\Users\User\Documents\GitHub\Minecraft-Client\Client\resources\libraries\org/lwjgl/lwjgl/3.4.1/lwjgl-3.4.1-natives-macos-arm64.jar - the game may not load properly!
[21:04:07] [main/INFO]: Loading Minecraft 26.1.2 with Fabric Loader 0.19.3
[21:04:07] [main/INFO]: Mappings not present!
[21:04:07] [main/INFO]: Loading 59 mods:
	- appleskin 3.0.10+mc26.1.2
	- entityculling 1.10.5
	   |-- transition 1.0.21
	   \-- trender 1.0.15
	- fabric-api 0.155.2+26.1.2
	   |-- fabric-api-base 2.0.3+ece063234c
	   |-- fabric-api-lookup-api-v1 2.0.12+d5a053b64c
	   |-- fabric-biome-api-v1 18.0.5+2fa62b4e4c
	   |-- fabric-block-api-v1 3.0.2+ec56b6014c
	   |-- fabric-block-getter-api-v2 2.0.6+ec56b6014c
	   |-- fabric-command-api-v2 3.0.5+e2bdee784c
	   |-- fabric-content-registries-v0 11.3.0+0082c9664c
	   |-- fabric-convention-tags-v2 4.6.2+4f11f7994c
	   |-- fabric-crash-report-info-v1 1.0.3+9f78a5a84c
	   |-- fabric-creative-tab-api-v1 5.0.11+d871b99e4c
	   |-- fabric-data-attachment-api-v1 2.2.9+44a0bd1d4c
	   |-- fabric-data-generation-api-v1 24.3.3+cda368334c
	   |-- fabric-debug-api-v1 1.0.1+c792624d4c
	   |-- fabric-dimensions-v1 5.1.7+ad343a8d4c
	   |-- fabric-entity-events-v1 5.0.2+e2bdee784c
	   |-- fabric-events-interaction-v0 5.2.2+07b380be4c
	   |-- fabric-game-rule-api-v1 4.0.5+d871b99e4c
	   |-- fabric-item-api-v1 14.3.0+6d1aaa724c
	   |-- fabric-key-mapping-api-v1 2.0.4+e2bdee784c
	   |-- fabric-lifecycle-events-v1 4.1.1+df84eb3d4c
	   |-- fabric-loot-api-v3 3.0.12+00a1fba64c
	   |-- fabric-menu-api-v1 2.0.14+d871b99e4c
	   |-- fabric-message-api-v1 7.0.5+dae8ce3e4c
	   |-- fabric-model-loading-api-v1 8.0.11+c80601bb4c
	   |-- fabric-networking-api-v1 6.3.1+554860db4c
	   |-- fabric-object-builder-api-v1 23.1.0+abb459f14c
	   |-- fabric-particles-v1 5.0.15+b61fef434c
	   |-- fabric-permission-api-v1 1.0.2+7437387b4c
	   |-- fabric-recipe-api-v1 9.0.16+be4b75ae4c
	   |-- fabric-registry-sync-v0 7.1.0+2fa62b4e4c
	   |-- fabric-renderer-api-v1 13.0.8+c80601bb4c
	   |-- fabric-renderer-indigo 8.1.5+1403e82c4c
	   |-- fabric-rendering-fluids-v1 6.0.1+d871b99e4c
	   |-- fabric-rendering-v1 23.3.1+e9207d814c
	   |-- fabric-resource-conditions-api-v1 6.1.0+83dd0ba34c
	   |-- fabric-resource-loader-v0 3.3.17+4fc5413f4c
	   |-- fabric-resource-loader-v1 2.0.10+7c44c7324c
	   |-- fabric-screen-api-v1 5.1.0+981dd9b24c
	   |-- fabric-serialization-api-v1 2.0.3+11a26f314c
	   |-- fabric-sound-api-v1 2.0.4+11a26f314c
	   |-- fabric-tag-api-v1 2.1.1+371cf5db4c
	   |-- fabric-transfer-api-v1 8.0.6+357ea7334c
	   \-- fabric-transitive-access-wideners-v1 8.1.3+3ff549fb4c
	- fabricloader 0.19.3
	   \-- mixinextras 0.5.4
	- ferritecore 9.0.0
	- gyrosclient 1.0.1
	- iris 1.11.2+mc26.1.2
	   |-- fabric-api-base 2.0.3+ece063234c
	   |-- io_github_douira_glsl-transformer 3.0.0-pre3
	   |-- org_anarres_jcpp 1.4.14
	   \-- org_antlr_antlr4-runtime 4.13.1
	- java 25
	- minecraft 26.1.2
	- sodium 0.9.2-alpha.3+mc26.1.2
	   \-- fabric-api-base 2.0.3+ece063234c
[21:04:08] [main/INFO]: SpongePowered MIXIN Subsystem Version=0.8.7 Source=file:/C:/Users/User/Documents/GitHub/Minecraft-Client/Client/resources/libraries/net/fabricmc/sponge-mixin/0.17.3+mixin.0.8.7/sponge-mixin-0.17.3+mixin.0.8.7.jar Service=Knot/Fabric Env=CLIENT
[21:04:08] [main/INFO]: Compatibility level set to JAVA_21
[21:04:08] [main/INFO]: Compatibility level set to JAVA_25
[21:04:08] [main/WARN]: Reference map 'entityculling.refmap.mixins.json' for entityculling.mixins.json could not be read. If this is a development environment you can ignore this message
[21:04:08] [main/WARN]: Reference map 'iris.refmap.json' for mixins.iris.json could not be read. If this is a development environment you can ignore this message
[21:04:08] [main/WARN]: Reference map 'iris-fabric.refmap.json' for mixins.iris.fabric.json could not be read. If this is a development environment you can ignore this message
[21:04:08] [main/WARN]: Reference map 'iris.refmap.json' for mixins.iris.vertexformat.json could not be read. If this is a development environment you can ignore this message
[21:04:08] [main/WARN]: Reference map 'iris.refmap.json' for mixins.iris.bettermipmaps.json could not be read. If this is a development environment you can ignore this message
[21:04:08] [main/WARN]: Reference map 'iris.refmap.json' for mixins.iris.compat.sodium.json could not be read. If this is a development environment you can ignore this message
[21:04:08] [main/WARN]: Reference map 'iris.refmap.json' for mixins.iris.fixes.maxfpscrash.json could not be read. If this is a development environment you can ignore this message
[21:04:08] [main/INFO]: Loaded configuration file for Sodium: 37 options available, 1 override(s) found
[21:04:08] [main/WARN]: Error loading class: mezz/jei/fabric/platform/RenderHelper (java.lang.ClassNotFoundException: mezz/jei/fabric/platform/RenderHelper)
[21:04:08] [main/WARN]: @Mixin target mezz.jei.fabric.platform.RenderHelper was not found appleskin.jei.mixins.json:JEIRenderHelperMixin from mod appleskin
[21:04:08] [main/WARN]: Force-disabling mixin 'features.render.world.sky.LevelRendererMixin' as rule 'mixin.features.render.world.sky' (added by mods [iris]) disables it and children
[21:04:09] [main/INFO]: Searching for graphics cards...
[21:04:09] [main/INFO]: Found graphics adapter: AdapterInfo{vendor=NVIDIA, description='NVIDIA GeForce RTX 3060 Ti', adapterType=0x0000031B, openglIcdFilePath='C:\WINDOWS\System32\DriverStore\FileRepository\nv_dispi.inf_amd64_b3b480d8d7b7542c\nvoglv64.dll', openglIcdVersion=32.0.15.9576}
[21:04:09] [main/WARN]: Sodium has applied one or more workarounds to prevent crashes or other issues on your system: [NVIDIA_THREADED_OPTIMIZATIONS_BROKEN]
[21:04:09] [main/WARN]: This is not necessarily an issue, but it may result in certain features or optimizations being disabled. You can sometimes fix these issues by upgrading your graphics driver.
[21:04:09] [main/INFO]: Initializing MixinExtras via com.llamalad7.mixinextras.service.MixinExtrasServiceImpl(version=0.5.4).
[21:04:10] [Datafixer Bootstrap/INFO]: 291 Datafixer optimizations took 288 milliseconds
[21:04:13] [Render thread/INFO]: Environment: Environment[sessionHost=https://sessionserver.mojang.com, servicesHost=https://api.minecraftservices.com, profilesHost=https://api.mojang.com, name=PROD]
[21:04:13] [Render thread/INFO]: Setting user: Gyroslord5
[21:04:13] [Render thread/INFO]: Initializing mod: gyrosclient
[21:04:14] [Render thread/INFO]: [Indigo] Different rendering plugin detected; not applying Indigo.
[21:04:14] [Render thread/INFO]: [STDOUT]: [TRender] Initializing Client...
[21:04:14] [ForkJoinPool.commonPool-worker-1/WARN]: [Iris Update Check] Cached update file detected, using that!
[21:04:14] [Download-2/ERROR]: Failed to fetch user properties
com.mojang.authlib.exceptions.InvalidCredentialsException: Status: 401
	at knot//com.mojang.authlib.exceptions.MinecraftClientHttpException.toAuthenticationException(MinecraftClientHttpException.java:59)
	at knot//com.mojang.authlib.yggdrasil.YggdrasilUserApiService.fetchProperties(YggdrasilUserApiService.java:150)
	at knot//net.minecraft.client.Minecraft.lambda$new$1(Minecraft.java:459)
	at java.base/java.util.concurrent.CompletableFuture$AsyncSupply.run(CompletableFuture.java:1789)
	at java.base/java.util.concurrent.ThreadPoolExecutor.runWorker(ThreadPoolExecutor.java:1090)
	at java.base/java.util.concurrent.ThreadPoolExecutor$Worker.run(ThreadPoolExecutor.java:614)
	at java.base/java.lang.Thread.run(Thread.java:1474)
Caused by: com.mojang.authlib.exceptions.MinecraftClientHttpException: Status: 401
	at knot//com.mojang.authlib.minecraft.client.MinecraftClient.readInputStream(MinecraftClient.java:103)
	at knot//com.mojang.authlib.minecraft.client.MinecraftClient.get(MinecraftClient.java:56)
	at knot//com.mojang.authlib.yggdrasil.YggdrasilUserApiService.fetchProperties(YggdrasilUserApiService.java:121)
	... 5 more
[21:04:14] [Render thread/INFO]: Backend library: LWJGL version 3.4.1-snapshot
[21:04:14] [Render thread/INFO]: Modifying process environment to apply workarounds for the NVIDIA graphics driver...
[21:04:14] [Render thread/INFO]: Debug functionality is disabled.
[21:04:14] [Render thread/INFO]: ARB_direct_state_access detected, enabling DSA.
[21:04:14] [Render thread/INFO]: Shaders are disabled because no valid shaderpack is selected
[21:04:15] [Render thread/INFO]: Using optional rendering extensions: GL_ARB_buffer_storage, GL_KHR_debug, GL_ARB_vertex_attrib_binding, GL_ARB_direct_state_access, GL_EXT_texture_filter_anisotropic
[21:04:15] [Render thread/INFO]: Hardware information:
[21:04:15] [Render thread/INFO]: CPU: 16x AMD Ryzen 7 5700X 8-Core Processor 
[21:04:15] [Render thread/INFO]: GPU: NVIDIA GeForce RTX 3060 Ti/PCIe/SSE2 (Supports OpenGL 3.3.0 NVIDIA 595.76)
[21:04:15] [Render thread/INFO]: OS: Windows 11 (10.0)
[21:04:15] [Render thread/INFO]: Reloading ResourceManager: vanilla, appleskin, entityculling, fabric-api, fabric-api-base, fabric-api-lookup-api-v1, fabric-biome-api-v1, fabric-block-api-v1, fabric-block-getter-api-v2, fabric-command-api-v2, fabric-content-registries-v0, fabric-convention-tags-v2, fabric-crash-report-info-v1, fabric-creative-tab-api-v1, fabric-data-attachment-api-v1, fabric-data-generation-api-v1, fabric-debug-api-v1, fabric-dimensions-v1, fabric-entity-events-v1, fabric-events-interaction-v0, fabric-game-rule-api-v1, fabric-item-api-v1, fabric-key-mapping-api-v1, fabric-lifecycle-events-v1, fabric-loot-api-v3, fabric-menu-api-v1, fabric-message-api-v1, fabric-model-loading-api-v1, fabric-networking-api-v1, fabric-object-builder-api-v1, fabric-particles-v1, fabric-permission-api-v1, fabric-recipe-api-v1, fabric-registry-sync-v0, fabric-renderer-api-v1, fabric-renderer-indigo, fabric-rendering-fluids-v1, fabric-rendering-v1, fabric-resource-conditions-api-v1, fabric-resource-loader-v0, fabric-resource-loader-v1, fabric-screen-api-v1, fabric-serialization-api-v1, fabric-sound-api-v1, fabric-tag-api-v1, fabric-transfer-api-v1, fabric-transitive-access-wideners-v1, fabricloader, gyrosclient, iris, sodium, trender
[21:04:15] [Download-2/INFO]: Could not authorize you against Realms server: java.lang.RuntimeException: Failed to parse into SignedJWT: 0
[21:04:15] [Download-2/ERROR]: Failed to fetch Realms feature flags
com.mojang.realmsclient.exception.RealmsServiceException: Realms authentication error with message 'java.lang.RuntimeException: Failed to parse into SignedJWT: 0'
	at knot//com.mojang.realmsclient.client.RealmsClient.execute(RealmsClient.java:526)
	at knot//com.mojang.realmsclient.client.RealmsClient.fetchFeatureFlags(RealmsClient.java:186)
	at java.base/java.util.concurrent.CompletableFuture$AsyncSupply.run(CompletableFuture.java:1789)
	at java.base/java.util.concurrent.ThreadPoolExecutor.runWorker(ThreadPoolExecutor.java:1090)
	at java.base/java.util.concurrent.ThreadPoolExecutor$Worker.run(ThreadPoolExecutor.java:614)
	at java.base/java.lang.Thread.run(Thread.java:1474)
[21:04:15] [Render thread/INFO]: Thread[#3,Render thread,10,main]
[21:04:15] [Render thread/INFO]: OpenGL Vendor: NVIDIA Corporation
[21:04:15] [Render thread/INFO]: OpenGL Renderer: NVIDIA GeForce RTX 3060 Ti/PCIe/SSE2
[21:04:15] [Worker-Main-3/INFO]: Found unifont_all_no_pua-17.0.01.hex, loading
[21:04:15] [Render thread/INFO]: OpenGL Version: 3.3.0 NVIDIA 595.76
[21:04:15] [Worker-Main-14/INFO]: Found unifont_pua-17.0.01.hex, loading
[21:04:15] [Render thread/INFO]: Modifying OpenGL context to apply workarounds for the NVIDIA graphics driver...
[21:04:15] [Render thread/INFO]: Enabling GL_DEBUG_OUTPUT_SYNCHRONOUS to force the NVIDIA driver to disable threaded command submission
[21:04:15] [Worker-Main-10/INFO]: Found unifont_jp_patch-17.0.01.hex, loading
[21:04:16] [Render thread/INFO]: OpenAL initialized on device OpenAL Soft on Lautsprecher (Razer Kraken V3 X)
[21:04:16] [Render thread/INFO]: Sound engine started
[21:04:16] [Render thread/INFO]: Created: 512x256x0 minecraft:textures/atlas/particles.png-atlas
[21:04:16] [Render thread/INFO]: Created: 128x128x0 minecraft:textures/atlas/decorated_pot.png-atlas
[21:04:16] [Render thread/INFO]: Created: 2048x1024x0 minecraft:textures/atlas/armor_trims.png-atlas
[21:04:16] [Render thread/INFO]: Created: 512x256x0 minecraft:textures/atlas/paintings.png-atlas
[21:04:16] [Render thread/INFO]: Created: 1024x512x0 minecraft:textures/atlas/shield_patterns.png-atlas
[21:04:16] [Render thread/INFO]: Created: 2048x2048x4 minecraft:textures/atlas/blocks.png-atlas
[21:04:16] [Render thread/INFO]: Created: 512x512x0 minecraft:textures/atlas/chest.png-atlas
[21:04:16] [Render thread/INFO]: Created: 256x128x0 minecraft:textures/atlas/celestials.png-atlas
[21:04:16] [Render thread/INFO]: Created: 1024x512x0 minecraft:textures/atlas/banner_patterns.png-atlas
[21:04:16] [Render thread/INFO]: Created: 512x512x0 minecraft:textures/atlas/beds.png-atlas
[21:04:16] [Render thread/INFO]: Created: 1024x512x0 minecraft:textures/atlas/items.png-atlas
[21:04:16] [Render thread/INFO]: Created: 1024x1024x0 minecraft:textures/atlas/gui.png-atlas
[21:04:16] [Render thread/INFO]: Created: 128x64x0 minecraft:textures/atlas/map_decorations.png-atlas
[21:04:16] [Render thread/INFO]: Created: 512x256x0 minecraft:textures/atlas/signs.png-atlas
[21:04:16] [Render thread/INFO]: Created: 512x512x0 minecraft:textures/atlas/shulker_boxes.png-atlas
[21:04:17] [Render thread/INFO]: Creating pipeline for dimension minecraft:overworld
[21:04:17] [IO-Worker-1/INFO]: Could not authorize you against Realms server: java.lang.RuntimeException: Failed to parse into SignedJWT: 0
[21:04:17] [IO-Worker-1/ERROR]: Couldn't connect to realms
com.mojang.realmsclient.exception.RealmsServiceException: Realms authentication error with message 'java.lang.RuntimeException: Failed to parse into SignedJWT: 0'
	at knot//com.mojang.realmsclient.client.RealmsClient.execute(RealmsClient.java:526)
	at knot//com.mojang.realmsclient.client.RealmsClient.clientCompatible(RealmsClient.java:307)
	at knot//com.mojang.realmsclient.RealmsAvailability.lambda$check$0(RealmsAvailability.java:48)
	at java.base/java.util.concurrent.CompletableFuture$AsyncSupply.run(CompletableFuture.java:1789)
	at java.base/java.util.concurrent.ThreadPoolExecutor.runWorker(ThreadPoolExecutor.java:1090)
	at java.base/java.util.concurrent.ThreadPoolExecutor$Worker.run(ThreadPoolExecutor.java:614)
	at java.base/java.lang.Thread.run(Thread.java:1474)
[21:04:24] [Render thread/INFO]: Loaded 1515 recipes
[21:04:24] [Render thread/INFO]: Loaded 1617 advancements
[21:04:25] [Render thread/INFO]: Applied 0 biome modifications to 0 of 65 new biomes in 1.024 ms
[21:04:25] [Server thread/INFO]: Starting integrated minecraft server version 26.1.2
[21:04:25] [Server thread/INFO]: Generating keypair
[21:04:25] [Server thread/INFO]: Loading 0 persistent chunks...
[21:04:25] [Server thread/INFO]: Preparing spawn area: 16%
[21:04:25] [Server thread/INFO]: Saving chunks for level 'ServerLevel[TestWorld]'/minecraft:overworld
[21:04:25] [Server thread/INFO]: Saving chunks for level 'ServerLevel[TestWorld]'/minecraft:the_end
[21:04:25] [Server thread/INFO]: Saving chunks for level 'ServerLevel[TestWorld]'/minecraft:the_nether
[21:04:25] [Server thread/INFO]: ThreadedAnvilChunkStorage (world): All chunks are saved
[21:04:25] [Server thread/INFO]: ThreadedAnvilChunkStorage (DIM1): All chunks are saved
[21:04:25] [Server thread/INFO]: ThreadedAnvilChunkStorage (DIM-1): All chunks are saved
[21:04:25] [Server thread/INFO]: ThreadedAnvilChunkStorage: All dimensions are saved
[21:04:26] [Server thread/INFO]: Loading 49 chunks for player spawn...
[21:04:26] [Server thread/INFO]: Preparing spawn area: 16%
[21:04:26] [Server thread/INFO]: Time elapsed: 964 ms
[21:04:26] [Server thread/INFO]: Gyroslord5[local:E:c10b198d] logged in with entity id 8 at (-13.5, 64.0, 15.5)
[21:04:26] [Server thread/INFO]: Gyroslord5 joined the game
[21:04:26] [Server thread/INFO]: Changing view distance to 16, from 10
[21:04:26] [Server thread/INFO]: Changing simulation distance to 5, from 0
[21:04:26] [Render thread/INFO]: Started 10 worker threads
[21:04:26] [Render thread/ERROR]: Failed to handle packet ClientboundLoginPacket[playerId=8, hardcore=false, levels=[ResourceKey[minecraft:dimension / minecraft:overworld], ResourceKey[minecraft:dimension / minecraft:the_end], ResourceKey[minecraft:dimension / minecraft:the_nether]], maxPlayers=8, chunkRadius=10, simulationDistance=0, reducedDebugInfo=false, showDeathScreen=true, doLimitedCrafting=false, commonPlayerSpawnInfo=CommonPlayerSpawnInfo[dimensionType=Reference{ResourceKey[minecraft:dimension_type / minecraft:overworld]=DimensionType[hasFixedTime=false, hasSkyLight=true, hasCeiling=false, hasEnderDragonFight=false, coordinateScale=1.0, minY=-64, height=384, logicalHeight=384, infiniburn=TagKey[minecraft:block / minecraft:infiniburn_overworld], ambientLight=0.0, monsterSettings=MonsterSettings[monsterSpawnLightTest=[0-7], monsterSpawnBlockLightLimit=0], skybox=OVERWORLD, cardinalLightType=DEFAULT, attributes={minecraft:audio/ambient_sounds=Entry[argument=AmbientSounds[loop=Optional.empty, mood=Optional[AmbientMoodSettings[soundEvent=Reference{ResourceKey[minecraft:sound_event / minecraft:ambient.cave]=SoundEvent[location=minecraft:ambient.cave, fixedRange=Optional.empty]}, tickDelay=6000, blockSearchExtent=8, soundPositionOffset=2.0]], additions=[]], modifier=OverrideModifier[]], minecraft:audio/background_music=Entry[argument=BackgroundMusic[defaultMusic=Optional[Music[sound=Reference{ResourceKey[minecraft:sound_event / minecraft:music.game]=SoundEvent[location=minecraft:music.game, fixedRange=Optional.empty]}, minDelay=12000, maxDelay=24000, replaceCurrentMusic=false]], creativeMusic=Optional[Music[sound=Reference{ResourceKey[minecraft:sound_event / minecraft:music.creative]=SoundEvent[location=minecraft:music.creative, fixedRange=Optional.empty]}, minDelay=12000, maxDelay=24000, replaceCurrentMusic=false]], underwaterMusic=Optional.empty], modifier=OverrideModifier[]], minecraft:gameplay/bed_rule=Entry[argument=BedRule[canSleep=WHEN_DARK, canSetSpawn=ALWAYS, explodes=false, errorMessage=Optional[translation{key='block.minecraft.bed.no_sleep', args=[]}]], modifier=OverrideModifier[]], minecraft:gameplay/nether_portal_spawns_piglin=Entry[argument=true, modifier=OverrideModifier[]], minecraft:gameplay/respawn_anchor_works=Entry[argument=false, modifier=OverrideModifier[]], minecraft:visual/ambient_light_color=Entry[argument=-16119286, modifier=OverrideModifier[]], minecraft:visual/cloud_color=Entry[argument=-855638017, modifier=OverrideModifier[]], minecraft:visual/cloud_height=Entry[argument=192.33, modifier=OverrideModifier[]], minecraft:visual/fog_color=Entry[argument=-4138753, modifier=OverrideModifier[]], minecraft:visual/sky_color=Entry[argument=-8869889, modifier=OverrideModifier[]]}, timelines=NamedSet(TagKey[minecraft:timeline / minecraft:in_overworld])[[Reference{ResourceKey[minecraft:timeline / minecraft:villager_schedule]=net.minecraft.world.timeline.Timeline@452203b9}, Reference{ResourceKey[minecraft:timeline / minecraft:day]=net.minecraft.world.timeline.Timeline@50cbbf16}, Reference{ResourceKey[minecraft:timeline / minecraft:moon]=net.minecraft.world.timeline.Timeline@78484eeb}, Reference{ResourceKey[minecraft:timeline / minecraft:early_game]=net.minecraft.world.timeline.Timeline@e5b45ac}]], defaultClock=Optional[Reference{ResourceKey[minecraft:world_clock / minecraft:overworld]=WorldClock[]}]]}, dimension=ResourceKey[minecraft:dimension / minecraft:overworld], seed=-4055860435637086171, gameType=SURVIVAL, previousGameType=null, isDebug=false, isFlat=false, lastDeathLocation=Optional.empty, portalCooldown=0, seaLevel=63], enforcesSecureChat=false], disconnecting
java.lang.RuntimeException: Mixin transformation of net.caffeinemc.mods.sodium.client.render.chunk.region.RenderRegionManager failed
	at net.fabricmc.loader.impl.launch.knot.KnotClassDelegate.getPostMixinClassByteArray(KnotClassDelegate.java:440)
	at net.fabricmc.loader.impl.launch.knot.KnotClassDelegate.tryLoadClass(KnotClassDelegate.java:336)
	at net.fabricmc.loader.impl.launch.knot.KnotClassDelegate.loadClass(KnotClassDelegate.java:231)
	at net.fabricmc.loader.impl.launch.knot.KnotClassLoader.loadClass(KnotClassLoader.java:119)
	at java.base/java.lang.ClassLoader.loadClass(ClassLoader.java:490)
	at knot//net.caffeinemc.mods.sodium.client.render.chunk.RenderSectionManager.<init>(RenderSectionManager.java:146)
	at knot//net.caffeinemc.mods.sodium.client.render.SodiumWorldRenderer.initRenderer(SodiumWorldRenderer.java:337)
	at knot//net.caffeinemc.mods.sodium.client.render.SodiumWorldRenderer.loadLevel(SodiumWorldRenderer.java:136)
	at knot//net.caffeinemc.mods.sodium.client.render.SodiumWorldRenderer.setLevel(SodiumWorldRenderer.java:128)
	at knot//net.minecraft.client.renderer.LevelRenderer.handler$bmi000$sodium$onWorldChanged(LevelRenderer.java:7162)
	at knot//net.minecraft.client.renderer.LevelRenderer.setLevel(LevelRenderer.java:289)
	at knot//net.minecraft.client.Minecraft.updateLevelInEngines(Minecraft.java:2409)
	at knot//net.minecraft.client.Minecraft.updateLevelInEngines(Minecraft.java:2399)
	at knot//net.minecraft.client.Minecraft.setLevel(Minecraft.java:2257)
	at knot//net.minecraft.client.multiplayer.ClientPacketListener.handleLogin(ClientPacketListener.java:545)
	at knot//net.minecraft.network.protocol.game.ClientboundLoginPacket.handle(ClientboundLoginPacket.java:69)
	at knot//net.minecraft.network.protocol.game.ClientboundLoginPacket.handle(ClientboundLoginPacket.java:17)
	at knot//net.minecraft.network.PacketProcessor$ListenerAndPacket.handle(PacketProcessor.java:55)
	at knot//net.minecraft.network.PacketProcessor.processQueuedPackets(PacketProcessor.java:38)
	at knot//net.minecraft.client.Minecraft.runTick(Minecraft.java:1343)
	at knot//net.minecraft.client.Minecraft.run(Minecraft.java:991)
	at knot//net.minecraft.client.main.Main.main(Main.java:248)
	at net.fabricmc.loader.impl.game.minecraft.MinecraftGameProvider.launch(MinecraftGameProvider.java:514)
	at net.fabricmc.loader.impl.launch.knot.Knot.launch(Knot.java:72)
	at net.fabricmc.loader.impl.launch.knot.KnotClient.main(KnotClient.java:23)
Caused by: org.spongepowered.asm.mixin.transformer.throwables.MixinTransformerError: An unexpected critical error was encountered
	at org.spongepowered.asm.mixin.transformer.MixinProcessor.applyMixins(MixinProcessor.java:380)
	at org.spongepowered.asm.mixin.transformer.MixinTransformer.transformClass(MixinTransformer.java:237)
	at org.spongepowered.asm.mixin.transformer.MixinTransformer.transformClassBytes(MixinTransformer.java:202)
	at net.fabricmc.loader.impl.launch.knot.KnotClassDelegate.getPostMixinClassByteArray(KnotClassDelegate.java:435)
	... 24 more
Caused by: org.spongepowered.asm.mixin.injection.throwables.InjectionError: Critical injection failure: Redirector iris$forceClear(Lnet/caffeinemc/mods/sodium/client/render/chunk/region/RenderRegion;)V in mixins.iris.compat.sodium.json:MixinRenderRegionManager from mod iris failed injection check, (0/1) succeeded. Scanned 0 target(s). No refMap loaded.
	at org.spongepowered.asm.mixin.injection.struct.InjectionInfo.postInject(InjectionInfo.java:531)
	at org.spongepowered.asm.mixin.transformer.MixinTargetContext.applyInjections(MixinTargetContext.java:1477)
	at org.spongepowered.asm.mixin.transformer.MixinApplicatorStandard.applyInjections(MixinApplicatorStandard.java:832)
	at org.spongepowered.asm.mixin.transformer.MixinApplicatorStandard.lambda$runApplicatorPass$7(MixinApplicatorStandard.java:362)
	at org.spongepowered.asm.mixin.transformer.MixinApplicatorStandard.processMixins(MixinApplicatorStandard.java:381)
	at org.spongepowered.asm.mixin.transformer.MixinApplicatorStandard.runApplicatorPass(MixinApplicatorStandard.java:360)
	at org.spongepowered.asm.mixin.transformer.MixinApplicatorStandard.apply(MixinApplicatorStandard.java:240)
	at org.spongepowered.asm.mixin.transformer.TargetClassContext.apply(TargetClassContext.java:437)
	at org.spongepowered.asm.mixin.transformer.TargetClassContext.applyMixins(TargetClassContext.java:418)
	at org.spongepowered.asm.mixin.transformer.MixinProcessor.applyMixins(MixinProcessor.java:351)
	... 27 more
[21:04:26] [Render thread/ERROR]: Unreported exception thrown!
java.lang.NullPointerException: Cannot invoke "net.minecraft.client.player.LocalPlayer.isSpectator()" because "this.minecraft.player" is null
	at knot//net.minecraft.client.renderer.LevelRenderer.update(LevelRenderer.java:477)
	at knot//net.minecraft.client.renderer.GameRenderer.update(GameRenderer.java:394)
	at knot//net.minecraft.client.Minecraft.renderFrame(Minecraft.java:1418)
	at knot//net.minecraft.client.Minecraft.runTick(Minecraft.java:1378)
	at knot//net.minecraft.client.Minecraft.run(Minecraft.java:991)
	at knot//net.minecraft.client.main.Main.main(Main.java:248)
	at net.fabricmc.loader.impl.game.minecraft.MinecraftGameProvider.launch(MinecraftGameProvider.java:514)
	at net.fabricmc.loader.impl.launch.knot.Knot.launch(Knot.java:72)
	at net.fabricmc.loader.impl.launch.knot.KnotClient.main(KnotClient.java:23)
[21:04:26] [Server thread/INFO]: Gyroslord5 lost connection: Disconnected
[21:04:26] [Server thread/INFO]: Gyroslord5 left the game
[21:04:26] [Server thread/INFO]: Stopping singleplayer server as player logged out
[21:04:27] [Server thread/INFO]: Stopping server
[21:04:27] [Server thread/INFO]: Saving players
[21:04:27] [Server thread/INFO]: Saving worlds
[21:04:27] [Server thread/INFO]: Saving chunks for level 'ServerLevel[TestWorld]'/minecraft:overworld
[21:04:27] [Server thread/INFO]: Saving chunks for level 'ServerLevel[TestWorld]'/minecraft:the_end
[21:04:27] [Server thread/INFO]: Saving chunks for level 'ServerLevel[TestWorld]'/minecraft:the_nether
[21:04:27] [Server thread/INFO]: ThreadedAnvilChunkStorage (world): All chunks are saved
[21:04:27] [Server thread/INFO]: ThreadedAnvilChunkStorage (DIM1): All chunks are saved
[21:04:27] [Server thread/INFO]: ThreadedAnvilChunkStorage (DIM-1): All chunks are saved
[21:04:27] [Server thread/INFO]: ThreadedAnvilChunkStorage: All dimensions are saved
